src/models/Bookmark.ts(17,17): error TS2339: Property 'id' does not exist on type 'FlatRecord<{ user_id: ObjectId; post_id: ObjectId; }> & { _id: ObjectId; } & { __v: number; }'.
src/models/ChatMessage.ts(19,17): error TS2339: Property 'id' does not exist on type 'FlatRecord<{ user_id: ObjectId; content: string; room_id: ObjectId; }> & { _id: ObjectId; } & { __v: number; }'.
src/models/ChatMessage.ts(20,17): error TS2551: Property 'userId' does not exist on type 'FlatRecord<{ user_id: ObjectId; content: string; room_id: ObjectId; }> & { _id: ObjectId; } & { __v: number; }'. Did you mean 'user_id'?
src/models/ChatMessage.ts(21,17): error TS2551: Property 'roomId' does not exist on type 'FlatRecord<{ user_id: ObjectId; content: string; room_id: ObjectId; }> & { _id: ObjectId; } & { __v: number; }'. Did you mean 'room_id'?
src/models/ChatRoom.ts(24,17): error TS2339: Property 'id' does not exist on type 'FlatRecord<{ name: string; description: string; is_active: boolean; created_by: ObjectId; access_type: "open" | "invite"; }> & { _id: ObjectId; } & { ...; }'.
src/models/ChatRoom.ts(25,17): error TS2551: Property 'createdBy' does not exist on type 'FlatRecord<{ name: string; description: string; is_active: boolean; created_by: ObjectId; access_type: "open" | "invite"; }> & { _id: ObjectId; } & { ...; }'. Did you mean 'created_by'?
src/models/ChatRoomMember.ts(19,17): error TS2339: Property 'id' does not exist on type 'FlatRecord<{ user_id: ObjectId; room_id: ObjectId; is_muted: boolean; }> & { _id: ObjectId; } & { __v: number; }'.
src/models/ChatRoomMember.ts(20,17): error TS2551: Property 'roomId' does not exist on type 'FlatRecord<{ user_id: ObjectId; room_id: ObjectId; is_muted: boolean; }> & { _id: ObjectId; } & { __v: number; }'. Did you mean 'room_id'?
src/models/ChatRoomMember.ts(21,17): error TS2551: Property 'userId' does not exist on type 'FlatRecord<{ user_id: ObjectId; room_id: ObjectId; is_muted: boolean; }> & { _id: ObjectId; } & { __v: number; }'. Did you mean 'user_id'?
src/models/ChatRoomMember.ts(22,17): error TS2551: Property 'isMuted' does not exist on type 'FlatRecord<{ user_id: ObjectId; room_id: ObjectId; is_muted: boolean; }> & { _id: ObjectId; } & { __v: number; }'. Did you mean 'is_muted'?
src/models/ChatRoomMember.ts(23,17): error TS2339: Property 'joinedAt' does not exist on type 'FlatRecord<{ user_id: ObjectId; room_id: ObjectId; is_muted: boolean; }> & { _id: ObjectId; } & { __v: number; }'.
src/models/ChatRoomMember.ts(23,32): error TS2339: Property 'joined_at' does not exist on type 'FlatRecord<{ user_id: ObjectId; room_id: ObjectId; is_muted: boolean; }> & { _id: ObjectId; } & { __v: number; }'.
src/models/Comment.ts(22,17): error TS2339: Property 'id' does not exist on type 'FlatRecord<{ user_id: ObjectId; content: string; post_id: ObjectId; parent_id?: ObjectId; }> & { _id: ObjectId; } & { __v: number; }'.
src/models/Comment.ts(23,17): error TS2551: Property 'postId' does not exist on type 'FlatRecord<{ user_id: ObjectId; content: string; post_id: ObjectId; parent_id?: ObjectId; }> & { _id: ObjectId; } & { __v: number; }'. Did you mean 'post_id'?
src/models/Comment.ts(24,17): error TS2551: Property 'userId' does not exist on type 'FlatRecord<{ user_id: ObjectId; content: string; post_id: ObjectId; parent_id?: ObjectId; }> & { _id: ObjectId; } & { __v: number; }'. Did you mean 'user_id'?
src/models/Comment.ts(25,36): error TS2551: Property 'parentId' does not exist on type 'FlatRecord<{ user_id: ObjectId; content: string; post_id: ObjectId; parent_id?: ObjectId; }> & { _id: ObjectId; } & { __v: number; }'. Did you mean 'parent_id'?
src/models/Like.ts(17,17): error TS2339: Property 'id' does not exist on type 'FlatRecord<{ user_id: ObjectId; post_id: ObjectId; }> & { _id: ObjectId; } & { __v: number; }'.
src/models/Notification.ts(31,17): error TS2339: Property 'id' does not exist on type 'FlatRecord<{ type: "comment" | "admin" | "like" | "mention" | "chat" | "welcome"; user_id: ObjectId; title: string; content: string; reference_id: string; is_read: boolean; sender_id?: ObjectId; }> & { ...; } & { ...; }'.
src/models/Notification.ts(32,17): error TS2551: Property 'userId' does not exist on type 'FlatRecord<{ type: "comment" | "admin" | "like" | "mention" | "chat" | "welcome"; user_id: ObjectId; title: string; content: string; reference_id: string; is_read: boolean; sender_id?: ObjectId; }> & { ...; } & { ...; }'. Did you mean 'user_id'?
src/models/Notification.ts(33,36): error TS2551: Property 'senderId' does not exist on type 'FlatRecord<{ type: "comment" | "admin" | "like" | "mention" | "chat" | "welcome"; user_id: ObjectId; title: string; content: string; reference_id: string; is_read: boolean; sender_id?: ObjectId; }> & { ...; } & { ...; }'. Did you mean 'sender_id'?
src/models/Notification.ts(34,17): error TS2551: Property 'referenceId' does not exist on type 'FlatRecord<{ type: "comment" | "admin" | "like" | "mention" | "chat" | "welcome"; user_id: ObjectId; title: string; content: string; reference_id: string; is_read: boolean; sender_id?: ObjectId; }> & { ...; } & { ...; }'. Did you mean 'reference_id'?
src/models/Notification.ts(35,17): error TS2551: Property 'isRead' does not exist on type 'FlatRecord<{ type: "comment" | "admin" | "like" | "mention" | "chat" | "welcome"; user_id: ObjectId; title: string; content: string; reference_id: string; is_read: boolean; sender_id?: ObjectId; }> & { ...; } & { ...; }'. Did you mean 'is_read'?
src/models/Notification.ts(36,17): error TS2339: Property 'createdAt' does not exist on type 'FlatRecord<{ type: "comment" | "admin" | "like" | "mention" | "chat" | "welcome"; user_id: ObjectId; title: string; content: string; reference_id: string; is_read: boolean; sender_id?: ObjectId; }> & { ...; } & { ...; }'.
src/models/Notification.ts(36,33): error TS2339: Property 'created_at' does not exist on type 'FlatRecord<{ type: "comment" | "admin" | "like" | "mention" | "chat" | "welcome"; user_id: ObjectId; title: string; content: string; reference_id: string; is_read: boolean; sender_id?: ObjectId; }> & { ...; } & { ...; }'.
src/models/Post.ts(36,17): error TS2339: Property 'id' does not exist on type 'FlatRecord<{ user_id: ObjectId; title: string; content: string; category: "hiring" | "cofounder" | "promote" | "recommendation" | "events" | "general" | "writeup"; image_url: string; video_url: string; is_pinned: boolean; is_locked: boolean; view_count: number; }> & { ...; } & { ...; }'.
src/models/Post.ts(37,17): error TS2551: Property 'userId' does not exist on type 'FlatRecord<{ user_id: ObjectId; title: string; content: string; category: "hiring" | "cofounder" | "promote" | "recommendation" | "events" | "general" | "writeup"; image_url: string; video_url: string; is_pinned: boolean; is_locked: boolean; view_count: number; }> & { ...; } & { ...; }'. Did you mean 'user_id'?
src/models/Post.ts(38,17): error TS2551: Property 'imageUrl' does not exist on type 'FlatRecord<{ user_id: ObjectId; title: string; content: string; category: "hiring" | "cofounder" | "promote" | "recommendation" | "events" | "general" | "writeup"; image_url: string; video_url: string; is_pinned: boolean; is_locked: boolean; view_count: number; }> & { ...; } & { ...; }'. Did you mean 'image_url'?
src/models/Post.ts(39,17): error TS2551: Property 'videoUrl' does not exist on type 'FlatRecord<{ user_id: ObjectId; title: string; content: string; category: "hiring" | "cofounder" | "promote" | "recommendation" | "events" | "general" | "writeup"; image_url: string; video_url: string; is_pinned: boolean; is_locked: boolean; view_count: number; }> & { ...; } & { ...; }'. Did you mean 'video_url'?
src/models/Post.ts(40,17): error TS2551: Property 'isPinned' does not exist on type 'FlatRecord<{ user_id: ObjectId; title: string; content: string; category: "hiring" | "cofounder" | "promote" | "recommendation" | "events" | "general" | "writeup"; image_url: string; video_url: string; is_pinned: boolean; is_locked: boolean; view_count: number; }> & { ...; } & { ...; }'. Did you mean 'is_pinned'?
src/models/Post.ts(41,17): error TS2551: Property 'isLocked' does not exist on type 'FlatRecord<{ user_id: ObjectId; title: string; content: string; category: "hiring" | "cofounder" | "promote" | "recommendation" | "events" | "general" | "writeup"; image_url: string; video_url: string; is_pinned: boolean; is_locked: boolean; view_count: number; }> & { ...; } & { ...; }'. Did you mean 'is_locked'?
src/models/Post.ts(42,17): error TS2551: Property 'viewCount' does not exist on type 'FlatRecord<{ user_id: ObjectId; title: string; content: string; category: "hiring" | "cofounder" | "promote" | "recommendation" | "events" | "general" | "writeup"; image_url: string; video_url: string; is_pinned: boolean; is_locked: boolean; view_count: number; }> & { ...; } & { ...; }'. Did you mean 'view_count'?
src/models/Post.ts(43,17): error TS2339: Property 'createdAt' does not exist on type 'FlatRecord<{ user_id: ObjectId; title: string; content: string; category: "hiring" | "cofounder" | "promote" | "recommendation" | "events" | "general" | "writeup"; image_url: string; video_url: string; is_pinned: boolean; is_locked: boolean; view_count: number; }> & { ...; } & { ...; }'.
src/models/Post.ts(43,33): error TS2339: Property 'created_at' does not exist on type 'FlatRecord<{ user_id: ObjectId; title: string; content: string; category: "hiring" | "cofounder" | "promote" | "recommendation" | "events" | "general" | "writeup"; image_url: string; video_url: string; is_pinned: boolean; is_locked: boolean; view_count: number; }> & { ...; } & { ...; }'.
src/models/Post.ts(44,17): error TS2339: Property 'updatedAt' does not exist on type 'FlatRecord<{ user_id: ObjectId; title: string; content: string; category: "hiring" | "cofounder" | "promote" | "recommendation" | "events" | "general" | "writeup"; image_url: string; video_url: string; is_pinned: boolean; is_locked: boolean; view_count: number; }> & { ...; } & { ...; }'.
src/models/Post.ts(44,33): error TS2339: Property 'updated_at' does not exist on type 'FlatRecord<{ user_id: ObjectId; title: string; content: string; category: "hiring" | "cofounder" | "promote" | "recommendation" | "events" | "general" | "writeup"; image_url: string; video_url: string; is_pinned: boolean; is_locked: boolean; view_count: number; }> & { ...; } & { ...; }'.
src/models/User.ts(50,17): error TS2339: Property 'id' does not exist on type 'FlatRecord<{ username: string; email: string; password_hash: string; display_name: string; bio: string; avatar_url: string; role: "user" | "admin" | "moderator"; is_active: boolean; profile_completed: boolean; ... 8 more ...; premium_expiry?: NativeDate; }> & { ...; } & { ...; }'.
src/models/User.ts(51,17): error TS2551: Property 'displayName' does not exist on type 'FlatRecord<{ username: string; email: string; password_hash: string; display_name: string; bio: string; avatar_url: string; role: "user" | "admin" | "moderator"; is_active: boolean; profile_completed: boolean; ... 8 more ...; premium_expiry?: NativeDate; }> & { ...; } & { ...; }'. Did you mean 'display_name'?
src/models/User.ts(52,17): error TS2551: Property 'avatarUrl' does not exist on type 'FlatRecord<{ username: string; email: string; password_hash: string; display_name: string; bio: string; avatar_url: string; role: "user" | "admin" | "moderator"; is_active: boolean; profile_completed: boolean; ... 8 more ...; premium_expiry?: NativeDate; }> & { ...; } & { ...; }'. Did you mean 'avatar_url'?
src/models/User.ts(54,17): error TS2551: Property 'isActive' does not exist on type 'FlatRecord<{ username: string; email: string; password_hash: string; display_name: string; bio: string; avatar_url: string; role: "user" | "admin" | "moderator"; is_active: boolean; profile_completed: boolean; ... 8 more ...; premium_expiry?: NativeDate; }> & { ...; } & { ...; }'. Did you mean 'is_active'?
src/models/User.ts(55,17): error TS2551: Property 'profileCompleted' does not exist on type 'FlatRecord<{ username: string; email: string; password_hash: string; display_name: string; bio: string; avatar_url: string; role: "user" | "admin" | "moderator"; is_active: boolean; profile_completed: boolean; ... 8 more ...; premium_expiry?: NativeDate; }> & { ...; } & { ...; }'. Did you mean 'profile_completed'?
src/models/User.ts(56,17): error TS2551: Property 'userType' does not exist on type 'FlatRecord<{ username: string; email: string; password_hash: string; display_name: string; bio: string; avatar_url: string; role: "user" | "admin" | "moderator"; is_active: boolean; profile_completed: boolean; ... 8 more ...; premium_expiry?: NativeDate; }> & { ...; } & { ...; }'. Did you mean 'user_type'?
src/models/User.ts(57,17): error TS2551: Property 'paymentStatus' does not exist on type 'FlatRecord<{ username: string; email: string; password_hash: string; display_name: string; bio: string; avatar_url: string; role: "user" | "admin" | "moderator"; is_active: boolean; profile_completed: boolean; ... 8 more ...; premium_expiry?: NativeDate; }> & { ...; } & { ...; }'. Did you mean 'payment_status'?
src/models/User.ts(58,17): error TS2551: Property 'premiumExpiry' does not exist on type 'FlatRecord<{ username: string; email: string; password_hash: string; display_name: string; bio: string; avatar_url: string; role: "user" | "admin" | "moderator"; is_active: boolean; profile_completed: boolean; ... 8 more ...; premium_expiry?: NativeDate; }> & { ...; } & { ...; }'. Did you mean 'premium_expiry'?
src/models/User.ts(59,17): error TS2339: Property 'createdAt' does not exist on type 'FlatRecord<{ username: string; email: string; password_hash: string; display_name: string; bio: string; avatar_url: string; role: "user" | "admin" | "moderator"; is_active: boolean; profile_completed: boolean; ... 8 more ...; premium_expiry?: NativeDate; }> & { ...; } & { ...; }'.
src/models/User.ts(59,33): error TS2339: Property 'created_at' does not exist on type 'FlatRecord<{ username: string; email: string; password_hash: string; display_name: string; bio: string; avatar_url: string; role: "user" | "admin" | "moderator"; is_active: boolean; profile_completed: boolean; ... 8 more ...; premium_expiry?: NativeDate; }> & { ...; } & { ...; }'.
src/models/User.ts(60,17): error TS2339: Property 'updatedAt' does not exist on type 'FlatRecord<{ username: string; email: string; password_hash: string; display_name: string; bio: string; avatar_url: string; role: "user" | "admin" | "moderator"; is_active: boolean; profile_completed: boolean; ... 8 more ...; premium_expiry?: NativeDate; }> & { ...; } & { ...; }'.
src/models/User.ts(60,33): error TS2339: Property 'updated_at' does not exist on type 'FlatRecord<{ username: string; email: string; password_hash: string; display_name: string; bio: string; avatar_url: string; role: "user" | "admin" | "moderator"; is_active: boolean; profile_completed: boolean; ... 8 more ...; premium_expiry?: NativeDate; }> & { ...; } & { ...; }'.
src/routes/posts.ts(114,46): error TS2345: Argument of type 'string | string[]' is not assignable to parameter of type 'string | Uint8Array<ArrayBufferLike> | ObjectId | ObjectIdLike'.
  Type 'string[]' is not assignable to type 'string | Uint8Array<ArrayBufferLike> | ObjectId | ObjectIdLike'.
    Type 'string[]' is missing the following properties from type 'Uint8Array<ArrayBufferLike>': BYTES_PER_ELEMENT, buffer, byteLength, byteOffset, and 3 more.
src/routes/posts.ts(295,42): error TS2345: Argument of type 'string | string[]' is not assignable to parameter of type 'string'.
  Type 'string[]' is not assignable to type 'string'.
src/routes/posts.ts(348,39): error TS2345: Argument of type 'string | string[]' is not assignable to parameter of type 'string'.
  Type 'string[]' is not assignable to type 'string'.
src/routes/posts.ts(483,17): error TS2769: No overload matches this call.
  The last overload gave the following error.
    Type 'string | string[]' is not assignable to type 'StringQueryTypeCasting'.
      Type 'string[]' is not assignable to type 'StringQueryTypeCasting'.
src/routes/posts.ts(487,21): error TS18047: 'notif' is possibly 'null'.
src/routes/posts.ts(497,28): error TS18047: 'notif' is possibly 'null'.
src/routes/posts.ts(521,25): error TS2769: No overload matches this call.
  The last overload gave the following error.
    Type 'string | string[]' is not assignable to type 'StringQueryTypeCasting'.
      Type 'string[]' is not assignable to type 'StringQueryTypeCasting'.
src/routes/posts.ts(525,29): error TS18047: 'mNotif' is possibly 'null'.
src/routes/posts.ts(535,36): error TS18047: 'mNotif' is possibly 'null'.
src/routes/posts.ts(555,17): error TS2769: No overload matches this call.
  The last overload gave the following error.
    Type 'string | string[]' is not assignable to type 'StringQueryTypeCasting'.
      Type 'string[]' is not assignable to type 'StringQueryTypeCasting'.
src/routes/posts.ts(559,21): error TS18047: 'cNotif' is possibly 'null'.
src/routes/posts.ts(569,28): error TS18047: 'cNotif' is possibly 'null'.
src/routes/posts.ts(574,46): error TS2345: Argument of type 'string | string[]' is not assignable to parameter of type 'string'.
  Type 'string[]' is not assignable to type 'string'.
